src/components/dashboard/ElegantCharts.tsx(52,26): error TS2304: Cannot find name 'cn'.
src/components/dashboard/ElegantCharts.tsx(107,26): error TS2304: Cannot find name 'cn'.
src/components/dashboard/ElegantCharts.tsx(153,26): error TS2304: Cannot find name 'cn'.
